
> kogflow@0.1.0 build
> next build

Γû▓ Next.js 16.1.1 (Turbopack)
- Environments: .env.local
- Experiments (use with caution):
  ┬╖ serverActions

  Creating an optimized production build ...
node.exe : 
At line:1 char:1
+ & "C:\Program Files\nodejs/node.exe" "C:\Program 
Files\nodejs/node_mo ...
+ ~~~~~~~~~~~~~~~~~~~~~~~~~~~~~~~~~~~~~~~~~~~~~~~~~~~~~~~~~
~~~~~~~~~~~~
    + CategoryInfo          : NotSpecified: (:String) [],  
   RemoteException
    + FullyQualifiedErrorId : NativeCommandError
 
> Build error occurred
Error: Turbopack build failed with 5 errors:
./node_modules/@ffmpeg-installer/ffmpeg
Module not found: Can't resolve './ROOT/node_modules/@ffmpe
g-installer/ffmpeg/node_modules/@ffmpeg-installer/win32-x64
/package.json'
server relative imports are not implemented yet. Please 
try an import relative to the file you are importing from.


https://nextjs.org/docs/messages/module-not-found


./node_modules/@ffmpeg-installer/ffmpeg
Module not found: Can't resolve './ROOT/node_modules/@ffmpe
g-installer/win32-x64/package.json'
server relative imports are not implemented yet. Please 
try an import relative to the file you are importing from.


https://nextjs.org/docs/messages/module-not-found


./node_modules/@ffmpeg-installer/ffmpeg/index.js:37:19
Module not found: Can't resolve '/ROOT/node_modules/@ffmpeg
-installer/ffmpeg/node_modules/@ffmpeg-installer/win32-x64/
package.json'
[0m [90m 35 |[39m } [36melse[39m [36mif[39m 
(verifyFile(npm2Binary)) {
 [90m 36 |[39m     ffmpegPath [33m=[39m 
npm2Binary[33m;[39m
[31m[1m>[22m[39m[90m 37 |[39m     packageJson 
[33m=[39m require(npm2Package)[33m;[39m
 [90m    |[39m                   [31m[1m^[22m[39m[31
m[1m^[22m[39m[31m[1m^[22m[39m[31m[1m^[22m[39m[3
1m[1m^[22m[39m[31m[1m^[22m[39m[31m[1m^[22m[39m[
31m[1m^[22m[39m[31m[1m^[22m[39m[31m[1m^[22m[39m
[31m[1m^[22m[39m[31m[1m^[22m[39m[31m[1m^[22m[39m
[31m[1m^[22m[39m[31m[1m^[22m[39m[31m[1m^[22m[39
m[31m[1m^[22m[39m[31m[1m^[22m[39m[31m[1m^[22m[3
9m[31m[1m^[22m[39m
 [90m 38 |[39m } [36melse[39m [36mif[39m 
(verifyFile(topLevelBinary)) {
 [90m 39 |[39m     ffmpegPath [33m=[39m 
topLevelBinary[33m;[39m
 [90m 40 |[39m     packageJson [33m=[39m 
require(topLevelPackage)[33m;[39m[0m



Import trace:
  App Route:
    ./node_modules/@ffmpeg-installer/ffmpeg/index.js
    ./src/app/api/stitch/route.ts

https://nextjs.org/docs/messages/module-not-found


./node_modules/@ffmpeg-installer/ffmpeg/index.js:34:19
Module not found: Can't resolve '/ROOT/node_modules/@ffmpeg
-installer/win32-x64/package.json'
[0m [90m 32 |[39m [36mif[39m (verifyFile(npm3Binary)) 
{
 [90m 33 |[39m     ffmpegPath [33m=[39m 
npm3Binary[33m;[39m
[31m[1m>[22m[39m[90m 34 |[39m     packageJson 
[33m=[39m require(npm3Package)[33m;[39m
 [90m    |[39m                   [31m[1m^[22m[39m[31
m[1m^[22m[39m[31m[1m^[22m[39m[31m[1m^[22m[39m[3
1m[1m^[22m[39m[31m[1m^[22m[39m[31m[1m^[22m[39m[
31m[1m^[22m[39m[31m[1m^[22m[39m[31m[1m^[22m[39m
[31m[1m^[22m[39m[31m[1m^[22m[39m[31m[1m^[22m[39m
[31m[1m^[22m[39m[31m[1m^[22m[39m[31m[1m^[22m[39
m[31m[1m^[22m[39m[31m[1m^[22m[39m[31m[1m^[22m[3
9m[31m[1m^[22m[39m
 [90m 35 |[39m } [36melse[39m [36mif[39m 
(verifyFile(npm2Binary)) {
 [90m 36 |[39m     ffmpegPath [33m=[39m 
npm2Binary[33m;[39m
 [90m 37 |[39m     packageJson [33m=[39m 
require(npm2Package)[33m;[39m[0m



Import trace:
  App Route:
    ./node_modules/@ffmpeg-installer/ffmpeg/index.js
    ./src/app/api/stitch/route.ts

https://nextjs.org/docs/messages/module-not-found


./node_modules/@ffmpeg-installer/ffmpeg/index.js:40:19
Module not found: Can't resolve <dynamic>
[0m [90m 38 |[39m } [36melse[39m [36mif[39m 
(verifyFile(topLevelBinary)) {
 [90m 39 |[39m     ffmpegPath [33m=[39m 
topLevelBinary[33m;[39m
[31m[1m>[22m[39m[90m 40 |[39m     packageJson 
[33m=[39m require(topLevelPackage)[33m;[39m
 [90m    |[39m                   [31m[1m^[22m[39m[31
m[1m^[22m[39m[31m[1m^[22m[39m[31m[1m^[22m[39m[3
1m[1m^[22m[39m[31m[1m^[22m[39m[31m[1m^[22m[39m[
31m[1m^[22m[39m[31m[1m^[22m[39m[31m[1m^[22m[39m
[31m[1m^[22m[39m[31m[1m^[22m[39m[31m[1m^[22m[39m
[31m[1m^[22m[39m[31m[1m^[22m[39m[31m[1m^[22m[39
m[31m[1m^[22m[39m[31m[1m^[22m[39m[31m[1m^[22m[3
9m[31m[1m^[22m[39m[31m[1m^[22m[39m[31m[1m^[22m[
39m[31m[1m^[22m[39m[31m[1m^[22m[39m
 [90m 41 |[39m } [36melse[39m {
 [90m 42 |[39m     [36mthrow[39m [32m'Could not find 
ffmpeg executable, tried "'[39m [33m+[39m npm3Binary 
[33m+[39m [32m'", "'[39m [33m+[39m npm2Binary 
[33m+[39m [32m'" and "'[39m [33m+[39m topLevelBinary 
[33m+[39m [32m'"'[39m[33m;[39m
 [90m 43 |[39m }[0m



Import trace:
  App Route:
    ./node_modules/@ffmpeg-installer/ffmpeg/index.js
    ./src/app/api/stitch/route.ts

https://nextjs.org/docs/messages/module-not-found


    at <unknown> 
(https://nextjs.org/docs/messages/module-not-found)
    at <unknown> 
(https://nextjs.org/docs/messages/module-not-found)
    at ./node_modules/ 
(ffmpeg-installer/ffmpeg/index.js:37:19)
    at <unknown> 
(https://nextjs.org/docs/messages/module-not-found)
    at ./node_modules/ 
(ffmpeg-installer/ffmpeg/index.js:34:19)
    at <unknown> 
(https://nextjs.org/docs/messages/module-not-found)
    at ./node_modules/ 
(ffmpeg-installer/ffmpeg/index.js:40:19)
    at <unknown> 
(https://nextjs.org/docs/messages/module-not-found)
